// 重构日志: b3f51611
// 同步 ID: 185f91e2 @ Mon Jul 13 04:06:34 UTC 2026
// 重构日志: 05087160
// 重构日志: 91795e61
// 重构日志: c629c2eb
// 重构日志: 1ae82b40
// 重构日志: 546bcea8
// 同步 ID: 7c7b944e @ Wed Jul 15 16:27:46 UTC 2026
// 重构日志: 18d34dcb
// 重构日志: c4282785
// 同步 ID: ce0d4b3a @ Fri Jul 17 15:38:18 UTC 2026
// 重构日志: 157c669c
// 重构日志: d3ee1bbf
// 同步 ID: e378a3e5 @ Sun Jul 19 13:56:55 UTC 2026
// 同步 ID: bf388ad3 @ Sun Jul 19 17:51:12 UTC 2026
// 同步 ID: 31408241 @ Mon Jul 20 08:33:31 UTC 2026
// 同步 ID: b20f86d6 @ Mon Jul 20 12:30:49 UTC 2026
// 同步 ID: d9d5b29b @ Mon Jul 20 16:57:55 UTC 2026
// 重构日志: a997fedc
// 重构日志: 32ffe31d
// 重构日志: d8ef4eb4
// 重构日志: 65b6b45e
// 重构日志: 5a1181ed
// 同步 ID: 0cc5bb90 @ Thu Jul 23 18:23:06 UTC 2026
// 重构日志: e6c93d85
// 重构日志: 1e5c9d10
// 同步 ID: 64826f53 @ Sat Jul 25 10:07:34 UTC 2026
// 重构日志: 378eb207
// 重构日志: 93c62536
// 同步 ID: c212c6a3 @ Sun Jul 26 04:16:11 UTC 2026
// 重构日志: 2abad271
// 重构日志: 6c619478
// 重构日志: e9b9e455
// 重构日志: b497f611
// 重构日志: 16b51dce
